1/8: E0=1.8779e-02 Ep=2.0432e-02 E0f=1.6957e-02 Epf=1.3803e-02 dfl=6.087e-06 dfin=3.014e-06  lam1=3.58499 lam24=56.6 [9s]
1/16: E0=5.0669e-03 Ep=5.9073e-03 E0f=5.6734e-03 Epf=4.2287e-03 dfl=2.113e-06 dfin=9.871e-07  lam1=4.58936 lam24=126.0 [9s]
1/32: E0=1.1139e-03 Ep=1.4196e-03 E0f=1.8925e-03 Epf=1.1505e-03 dfl=5.417e-07 dfin=2.538e-07  lam1=4.89000 lam24=238.2 [10s]
1/64: E0=3.7665e-04 Ep=3.4929e-04 E0f=6.9988e-04 Epf=2.9487e-04 dfl=1.830e-07 dfin=7.582e-08  lam1=4.94766 lam24=668.7 [11s]

Table rows (LaTeX):
$1/8$
& $1.878\times10^{-2}$ & $2.043\times10^{-2}$
& $1.696\times10^{-2}$ & $1.380\times10^{-2}$
& $6.087\times10^{-6}$ & $3.014\times10^{-6}$\\
$1/16$
& $5.067\times10^{-3}$ & $5.907\times10^{-3}$
& $5.673\times10^{-3}$ & $4.229\times10^{-3}$
& $2.113\times10^{-6}$ & $9.871\times10^{-7}$\\
$1/32$
& $1.114\times10^{-3}$ & $1.420\times10^{-3}$
& $1.892\times10^{-3}$ & $1.151\times10^{-3}$
& $5.417\times10^{-7}$ & $2.538\times10^{-7}$\\
$1/64$
& $3.767\times10^{-4}$ & $3.493\times10^{-4}$
& $6.999\times10^{-4}$ & $2.949\times10^{-4}$
& $1.830\times10^{-7}$ & $7.582\times10^{-8}$\\

last mesh changes: at most 0.052% (fluid) and 0.026% (fin) of the corrected errors
last-pair orders: (a0_fl, ap_fl) = (1.564, 2.023),  (a0_fin, ap_fin) = (1.435, 1.964)
E0/eps            : 0.15023 0.08107 0.03565 0.02411
Ep/eps^2          : 1.30764 1.51227 1.45371 1.43070
Ep/((1+g) eps^2)  : 0.01295 0.01497 0.01439 0.01417
||theta_1||_L2((0,1)x I) = 0.03117
wrote res_Pe606_g100_96x1280.json
