1/8: E0=3.2913e-03 Ep=2.7073e-03 E0f=5.7407e-03 Epf=2.3998e-03 dfl=1.030e-06 dfin=5.068e-07  lam1=5.04822 lam24=408.0 [10s]
      mesh changes (1->2, 2->3, 3->4): fluid 1.644e-05 4.119e-06 1.030e-06 | fin 8.085e-06 2.026e-06 5.068e-07
1/16: E0=1.6604e-03 Ep=6.7173e-04 E0f=2.4155e-03 Epf=6.4960e-04 dfl=2.995e-07 dfin=1.222e-07  lam1=5.06081 lam24=902.8 [9s]
      mesh changes (1->2, 2->3, 3->4): fluid 4.784e-06 1.198e-06 2.995e-07 | fin 1.948e-06 4.884e-07 1.222e-07
1/32: E0=8.8888e-04 Ep=1.6778e-04 E0f=1.0898e-03 Epf=1.6737e-04 dfl=1.318e-07 dfin=7.235e-08  lam1=5.01515 lam24=1635.7 [10s]
      mesh changes (1->2, 2->3, 3->4): fluid 2.110e-06 5.274e-07 1.318e-07 | fin 1.158e-06 2.894e-07 7.235e-08
1/64: E0=4.6433e-04 Ep=4.1999e-05 E0f=5.1569e-04 Epf=4.2403e-05 dfl=9.937e-08 dfin=8.495e-08  lam1=4.97923 lam24=3791.9 [10s]
      mesh changes (1->2, 2->3, 3->4): fluid 1.590e-06 3.975e-07 9.937e-08 | fin 1.359e-06 3.398e-07 8.495e-08

Table rows (LaTeX):
$1/8$
& $3.291\times10^{-3}$ & $2.707\times10^{-3}$
& $5.741\times10^{-3}$ & $2.400\times10^{-3}$
& $1.030\times10^{-6}$ & $5.068\times10^{-7}$\\
$1/16$
& $1.660\times10^{-3}$ & $6.717\times10^{-4}$
& $2.415\times10^{-3}$ & $6.496\times10^{-4}$
& $2.995\times10^{-7}$ & $1.222\times10^{-7}$\\
$1/32$
& $8.889\times10^{-4}$ & $1.678\times10^{-4}$
& $1.090\times10^{-3}$ & $1.674\times10^{-4}$
& $1.318\times10^{-7}$ & $7.235\times10^{-8}$\\
$1/64$
& $4.643\times10^{-4}$ & $4.200\times10^{-5}$
& $5.157\times10^{-4}$ & $4.240\times10^{-5}$
& $9.937\times10^{-8}$ & $8.495\times10^{-8}$\\

last mesh changes: at most 0.237% (fluid) and 0.200% (fin) of the corrected errors
last-pair orders: (a0_fl, ap_fl) = (0.937, 1.998),  (a0_fin, ap_fin) = (1.079, 1.981)
E0/eps            : 0.02633 0.02657 0.02844 0.02972
Ep/eps^2          : 0.17327 0.17196 0.17181 0.17203
Ep/((1+g) eps^2)  : 0.01238 0.01228 0.01227 0.01229
||theta_1||_L2((0,1)x I) = 0.03117
wrote res_Pe84_g13_96x1280.json
