1/8: E0=4.0825e-03 Ep=2.3387e-04 E0f=4.2142e-03 Epf=3.6477e-04 dfl=1.075e-07 dfin=6.906e-08  lam1=5.34366 lam24=4080.4 [10s]
      mesh changes (1->2, 2->3, 3->4): fluid 1.717e-06 4.299e-07 1.075e-07 | fin 1.105e-06 2.762e-07 6.906e-08
1/16: E0=1.9999e-03 Ep=6.2504e-05 E0f=2.0343e-03 Epf=9.6348e-05 dfl=9.338e-08 dfin=8.572e-08  lam1=5.13384 lam24=8246.2 [8s]
      mesh changes (1->2, 2->3, 3->4): fluid 1.494e-06 3.735e-07 9.338e-08 | fin 1.372e-06 3.429e-07 8.572e-08
1/32: E0=9.8769e-04 Ep=1.6147e-05 E0f=9.9648e-04 Epf=2.4736e-05 dfl=9.181e-08 dfin=9.005e-08  lam1=5.03312 lam24=9806.0 [8s]
      mesh changes (1->2, 2->3, 3->4): fluid 1.469e-06 3.673e-07 9.181e-08 | fin 1.441e-06 3.602e-07 9.005e-08
1/64: E0=4.9055e-04 Ep=4.1188e-06 E0f=4.9277e-04 Epf=6.2819e-06 dfl=9.138e-08 dfin=9.095e-08  lam1=4.98368 lam24=10619.3 [9s]
      mesh changes (1->2, 2->3, 3->4): fluid 1.462e-06 3.655e-07 9.138e-08 | fin 1.455e-06 3.638e-07 9.095e-08

Table rows (LaTeX):
$1/8$
& $4.083\times10^{-3}$ & $2.339\times10^{-4}$
& $4.214\times10^{-3}$ & $3.648\times10^{-4}$
& $1.075\times10^{-7}$ & $6.906\times10^{-8}$\\
$1/16$
& $2.000\times10^{-3}$ & $6.250\times10^{-5}$
& $2.034\times10^{-3}$ & $9.635\times10^{-5}$
& $9.338\times10^{-8}$ & $8.572\times10^{-8}$\\
$1/32$
& $9.877\times10^{-4}$ & $1.615\times10^{-5}$
& $9.965\times10^{-4}$ & $2.474\times10^{-5}$
& $9.181\times10^{-8}$ & $9.005\times10^{-8}$\\
$1/64$
& $4.905\times10^{-4}$ & $4.119\times10^{-6}$
& $4.928\times10^{-4}$ & $6.282\times10^{-6}$
& $9.138\times10^{-8}$ & $9.095\times10^{-8}$\\

last mesh changes: at most 2.219% (fluid) and 1.448% (fin) of the corrected errors
last-pair orders: (a0_fl, ap_fl) = (1.010, 1.971),  (a0_fin, ap_fin) = (1.016, 1.977)
E0/eps            : 0.03266 0.03200 0.03161 0.03139
Ep/eps^2          : 0.01497 0.01600 0.01653 0.01687
Ep/((1+g) eps^2)  : 0.01069 0.01143 0.01181 0.01205
||theta_1||_L2((0,1)x I) = 0.03117
wrote res_Pe8.4_g0.4_96x1280.json
