Table 1 (spatial: k = h^2/1e5;  axial: J = 80, k = 0.2/N)
   J        E_u        E_v        E_g  |    N        E_u        E_v        E_g
   8 8.60143e-04 4.22699e-04 1.74359e-03 |   40 1.58809e-03 1.59415e-03 5.83378e-03
  16 2.15418e-04 1.05817e-04 4.30302e-04 |   80 7.98122e-04 8.03646e-04 3.04682e-03
  32 5.38784e-05 2.64630e-05 1.07221e-04 |  160 4.00089e-04 4.03469e-04 1.56049e-03
  64 1.34711e-05 6.61628e-06 2.67829e-05 |  320 2.00303e-04 2.02146e-04 7.90299e-04
order      1.9998      1.9999      2.0012 |           0.9981      0.9971      0.9815

Table 1 rows (LaTeX):
8
& $8.601\!\times\!10^{-4}$
& $4.227\!\times\!10^{-4}$
& $1.744\!\times\!10^{-3}$
& 40
& $1.588\!\times\!10^{-3}$
& $1.594\!\times\!10^{-3}$
& $5.834\!\times\!10^{-3}$\\
16
& $2.154\!\times\!10^{-4}$
& $1.058\!\times\!10^{-4}$
& $4.303\!\times\!10^{-4}$
& 80
& $7.981\!\times\!10^{-4}$
& $8.036\!\times\!10^{-4}$
& $3.047\!\times\!10^{-3}$\\
32
& $5.388\!\times\!10^{-5}$
& $2.646\!\times\!10^{-5}$
& $1.072\!\times\!10^{-4}$
& 160
& $4.001\!\times\!10^{-4}$
& $4.035\!\times\!10^{-4}$
& $1.560\!\times\!10^{-3}$\\
64
& $1.347\!\times\!10^{-5}$
& $6.616\!\times\!10^{-6}$
& $2.678\!\times\!10^{-5}$
& 320
& $2.003\!\times\!10^{-4}$
& $2.021\!\times\!10^{-4}$
& $7.903\!\times\!10^{-4}$\\
Order & 2.000 & 2.000 & 2.001
& Order & 0.998 & 0.997 & 0.982\\

g(0) = 0.00e+00,  g'(0) = 0.00e+00
reference corrector, 400 -> 800 terms: max change 4.527e-11 (one-term lift vs Lemma-5.3 lift at 800 terms: 6.5e-12)
direct 47-step calculation (J=15) vs powers: max difference 2.7e-14
halving the spatial-test step, J=8: |du| = 2.507e-08, |dv| = 2.543e-08
halving the spatial-test step, J=64: |du| = 3.917e-10, |dv| = 3.956e-10
(diagnostic) literal matrix_power vs eigenbasis powers at J=64: 8.7e-10
arbitrary steps (seed 453, k in [6.44e-05, 2.42e-02]): max cumulative defect in (4.5) = 1.259e-12 (relative 1.7e-13)
   (4.6) holds at every step: True (min relative margin 8.69e-01);  (4.7) holds at every step: True (min relative margin 3.13e-01)
   s^0 = P_h[(a/m) u_in''] identity: max difference 1.3e-12
wrote scheme_results.json
